// Jest Snapshot v1, https://goo.gl/fbAQLP

exports[`should start with a disabled search button 1`] = `
<form
  className="SearchForm"
  onSubmit={[Function]}
>
  <p>
    Enter a search term:
  </p>
  <div
    className="MuiInputBase-root MuiInput-root MuiInput-underline"
    onClick={[Function]}
  >
    <input
      className="MuiInputBase-input MuiInput-input"
      name="query"
      onAnimationStart={[Function]}
      onBlur={[Function]}
      onChange={[Function]}
      onFocus={[Function]}
      type="text"
      value=""
    />
  </div>
  <div
    className="ButtonBar"
  >
    <button
      className="MuiButtonBase-root MuiButton-root MuiButton-contained MuiButton-containedSecondary Mui-disabled Mui-disabled"
      disabled={true}
      onBlur={[Function]}
      onDragLeave={[Function]}
      onFocus={[Function]}
      onKeyDown={[Function]}
      onKeyUp={[Function]}
      onMouseDown={[Function]}
      onMouseLeave={[Function]}
      onMouseUp={[Function]}
      onTouchEnd={[Function]}
      onTouchMove={[Function]}
      onTouchStart={[Function]}
      tabIndex={-1}
      type="submit"
    >
      <span
        className="MuiButton-label"
      >
        <span
          className="MuiButton-startIcon MuiButton-iconSizeMedium"
        >
          <svg
            aria-hidden="true"
            className="MuiSvgIcon-root"
            focusable="false"
            role="presentation"
            viewBox="0 0 24 24"
          >
            <path
              d="M15.5 14h-.79l-.28-.27C15.41 12.59 16 11.11 16 9.5 16 5.91 13.09 3 9.5 3S3 5.91 3 9.5 5.91 16 9.5 16c1.61 0 3.09-.59 4.23-1.57l.27.28v.79l5 4.99L20.49 19l-4.99-5zm-6 0C7.01 14 5 11.99 5 9.5S7.01 5 9.5 5 14 7.01 14 9.5 11.99 14 9.5 14z"
            />
          </svg>
        </span>
        Search!
      </span>
    </button>
  </div>
  <div
    className="SearchResults"
  />
</form>
`;

exports[`should start with an empty search field 1`] = `
<form
  className="SearchForm"
  onSubmit={[Function]}
>
  <p>
    Enter a search term:
  </p>
  <div
    className="MuiInputBase-root MuiInput-root MuiInput-underline"
    onClick={[Function]}
  >
    <input
      className="MuiInputBase-input MuiInput-input"
      name="query"
      onAnimationStart={[Function]}
      onBlur={[Function]}
      onChange={[Function]}
      onFocus={[Function]}
      type="text"
      value=""
    />
  </div>
  <div
    className="ButtonBar"
  >
    <button
      className="MuiButtonBase-root MuiButton-root MuiButton-contained MuiButton-containedSecondary Mui-disabled Mui-disabled"
      disabled={true}
      onBlur={[Function]}
      onDragLeave={[Function]}
      onFocus={[Function]}
      onKeyDown={[Function]}
      onKeyUp={[Function]}
      onMouseDown={[Function]}
      onMouseLeave={[Function]}
      onMouseUp={[Function]}
      onTouchEnd={[Function]}
      onTouchMove={[Function]}
      onTouchStart={[Function]}
      tabIndex={-1}
      type="submit"
    >
      <span
        className="MuiButton-label"
      >
        <span
          className="MuiButton-startIcon MuiButton-iconSizeMedium"
        >
          <svg
            aria-hidden="true"
            className="MuiSvgIcon-root"
            focusable="false"
            role="presentation"
            viewBox="0 0 24 24"
          >
            <path
              d="M15.5 14h-.79l-.28-.27C15.41 12.59 16 11.11 16 9.5 16 5.91 13.09 3 9.5 3S3 5.91 3 9.5 5.91 16 9.5 16c1.61 0 3.09-.59 4.23-1.57l.27.28v.79l5 4.99L20.49 19l-4.99-5zm-6 0C7.01 14 5 11.99 5 9.5S7.01 5 9.5 5 14 7.01 14 9.5 11.99 14 9.5 14z"
            />
          </svg>
        </span>
        Search!
      </span>
    </button>
  </div>
  <div
    className="SearchResults"
  />
</form>
`;
